// Jest Snapshot v1, https://goo.gl/fbAQLP

exports[`renders correctly 1`] = `
<div>
  <h2>
    Gift Givers
  </h2>
  <Button
    active={false}
    data-test="add-btn"
    disabled={false}
    onClick={[Function]}
    variant="primary"
  >
    Add gifts
  </Button>
</div>
`;
